
> @finsathi/server@1.0.0 build
> tsc

src/config/redis.ts(12,17): error TS2769: No overload matches this call.
  Overload 1 of 8, '(path: string, options: RedisOptions): Redis', gave the following error.
    Object literal may only specify known properties, and 'retryDelayOnFailover' does not exist in type 'RedisOptions'.
  Overload 2 of 8, '(port: number, options: RedisOptions): Redis', gave the following error.
    Argument of type 'string' is not assignable to parameter of type 'number'.
  Overload 3 of 8, '(port: number, host: string): Redis', gave the following error.
    Argument of type 'string' is not assignable to parameter of type 'number'.
src/controllers/financialRatio.controller.ts(280,52): error TS2339: Property 'getIndustryBenchmarks' does not exist on type 'typeof FinancialRatioService'.
src/controllers/financialRatio.controller.ts(309,52): error TS2339: Property 'compareToIndustry' does not exist on type 'typeof FinancialRatioService'.
src/controllers/financialRatio.controller.ts(351,37): error TS2345: Argument of type '(number | undefined)[]' is not assignable to parameter of type '(number | null)[]'.
  Type 'number | undefined' is not assignable to type 'number | null'.
    Type 'undefined' is not assignable to type 'number | null'.
src/controllers/financialRatio.controller.ts(352,43): error TS2345: Argument of type '(number | undefined)[]' is not assignable to parameter of type '(number | null)[]'.
  Type 'number | undefined' is not assignable to type 'number | null'.
    Type 'undefined' is not assignable to type 'number | null'.
src/controllers/financialRatio.controller.ts(353,46): error TS2345: Argument of type '(number | undefined)[]' is not assignable to parameter of type '(number | null)[]'.
  Type 'number | undefined' is not assignable to type 'number | null'.
    Type 'undefined' is not assignable to type 'number | null'.
src/controllers/financialRatio.controller.ts(354,46): error TS2345: Argument of type '(number | undefined)[]' is not assignable to parameter of type '(number | null)[]'.
  Type 'number | undefined' is not assignable to type 'number | null'.
    Type 'undefined' is not assignable to type 'number | null'.
src/controllers/financialRatio.controller.ts(516,7): error TS2322: Type 'number' is not assignable to type 'null'.
src/controllers/financialRatio.controller.ts(517,7): error TS2322: Type 'number' is not assignable to type 'null'.
src/controllers/financialRatio.controller.ts(659,255): error TS2339: Property 'returnOnAssets' does not exist on type '{ year: number; ratios: FinancialRatios; }[]'.
src/controllers/financialRatio.controller.ts(659,289): error TS2339: Property 'assetTurnover' does not exist on type '{ year: number; ratios: FinancialRatios; }[]'.
src/controllers/financialReport.controller.ts(83,80): error TS2345: Argument of type 'File | undefined' is not assignable to parameter of type 'File'.
  Type 'undefined' is not assignable to type 'File'.
src/controllers/reportGenerator.controller.ts(69,25): error TS2339: Property 'industry' does not exist on type '{ symbol: string; name: string; id: string; createdAt: Date; updatedAt: Date; sector: string; listedYear: number; listedDate: Date | null; }'.
src/controllers/reportGenerator.controller.ts(70,26): error TS2339: Property 'marketCap' does not exist on type '{ symbol: string; name: string; id: string; createdAt: Date; updatedAt: Date; sector: string; listedYear: number; listedDate: Date | null; }'.
src/controllers/reportGenerator.controller.ts(71,27): error TS2339: Property 'sharePrice' does not exist on type '{ symbol: string; name: string; id: string; createdAt: Date; updatedAt: Date; sector: string; listedYear: number; listedDate: Date | null; }'.
src/controllers/reportGenerator.controller.ts(210,31): error TS2339: Property 'industry' does not exist on type '{ symbol: string; name: string; id: string; createdAt: Date; updatedAt: Date; sector: string; listedYear: number; listedDate: Date | null; }'.
src/controllers/reportGenerator.controller.ts(577,18): error TS2561: Object literal may only specify known properties, but 'subscription' does not exist in type 'UserInclude<DefaultArgs>'. Did you mean to write 'subscriptions'?
src/controllers/reportGenerator.controller.ts(597,29): error TS2339: Property 'subscription' does not exist on type '{ role: UserRole; id: string; email: string; passwordHash: string; firstName: string | null; lastName: string | null; phone: string | null; dateOfBirth: Date | null; createdAt: Date; updatedAt: Date; }'.
src/controllers/reportParser.controller.ts(118,24): error TS2339: Property 'updateJobData' does not exist on type 'QueueManager'.
src/controllers/reportParser.controller.ts(228,34): error TS2339: Property 'totalLiabilities' does not exist on type '{ company: { symbol: string; name: string; id: string; }; } & { id: string; createdAt: Date; year: number; companyId: string; revenue: number; netProfit: number; totalAssets: number; totalEquity: number; totalDebt: number; }'.
src/controllers/reportParser.controller.ts(229,24): error TS2339: Property 'equity' does not exist on type '{ company: { symbol: string; name: string; id: string; }; } & { id: string; createdAt: Date; year: number; companyId: string; revenue: number; netProfit: number; totalAssets: number; totalEquity: number; totalDebt: number; }'.
src/controllers/reportParser.controller.ts(230,21): error TS2339: Property 'eps' does not exist on type '{ company: { symbol: string; name: string; id: string; }; } & { id: string; createdAt: Date; year: number; companyId: string; revenue: number; netProfit: number; totalAssets: number; totalEquity: number; totalDebt: number; }'.
src/controllers/reportParser.controller.ts(289,63): error TS2339: Property 'totalLiabilities' does not exist on type '{ id: string; createdAt: Date; year: number; companyId: string; revenue: number; netProfit: number; totalAssets: number; totalEquity: number; totalDebt: number; }'.
src/controllers/reportParser.controller.ts(290,53): error TS2339: Property 'equity' does not exist on type '{ id: string; createdAt: Date; year: number; companyId: string; revenue: number; netProfit: number; totalAssets: number; totalEquity: number; totalDebt: number; }'.
src/controllers/reportParser.controller.ts(291,50): error TS2339: Property 'eps' does not exist on type '{ id: string; createdAt: Date; year: number; companyId: string; revenue: number; netProfit: number; totalAssets: number; totalEquity: number; totalDebt: number; }'.
src/controllers/reportParser.controller.ts(291,88): error TS2339: Property 'eps' does not exist on type '{ id: string; createdAt: Date; year: number; companyId: string; revenue: number; netProfit: number; totalAssets: number; totalEquity: number; totalDebt: number; }'.
src/controllers/reportParser.controller.ts(374,9): error TS2353: Object literal may only specify known properties, and 'totalLiabilities' does not exist in type '(Without<FinancialReportUpdateManyMutationInput, FinancialReportUncheckedUpdateManyInput> & FinancialReportUncheckedUpdateManyInput) | (Without<...> & FinancialReportUpdateManyMutationInput)'.
src/controllers/usage.controller.ts(159,16): error TS2561: Object literal may only specify known properties, but 'subscription' does not exist in type 'UserInclude<DefaultArgs>'. Did you mean to write 'subscriptions'?
src/controllers/usage.controller.ts(166,22): error TS2339: Property 'subscription' does not exist on type '{ role: UserRole; id: string; email: string; passwordHash: string; firstName: string | null; lastName: string | null; phone: string | null; dateOfBirth: Date | null; createdAt: Date; updatedAt: Date; }'.
src/controllers/usage.controller.ts(166,59): error TS2339: Property 'subscription' does not exist on type '{ role: UserRole; id: string; email: string; passwordHash: string; firstName: string | null; lastName: string | null; phone: string | null; dateOfBirth: Date | null; createdAt: Date; updatedAt: Date; }'.
src/controllers/usage.controller.ts(189,25): error TS2339: Property 'subscription' does not exist on type '{ role: UserRole; id: string; email: string; passwordHash: string; firstName: string | null; lastName: string | null; phone: string | null; dateOfBirth: Date | null; createdAt: Date; updatedAt: Date; }'.
src/controllers/usage.controller.ts(190,32): error TS2339: Property 'subscription' does not exist on type '{ role: UserRole; id: string; email: string; passwordHash: string; firstName: string | null; lastName: string | null; phone: string | null; dateOfBirth: Date | null; createdAt: Date; updatedAt: Date; }'.
src/middleware/auth.ts(33,9): error TS2561: Object literal may only specify known properties, but 'subscription' does not exist in type 'UserInclude<DefaultArgs>'. Did you mean to write 'subscriptions'?
src/middleware/auth.ts(47,30): error TS2339: Property 'subscription' does not exist on type '{ role: UserRole; id: string; email: string; passwordHash: string; firstName: string | null; lastName: string | null; phone: string | null; dateOfBirth: Date | null; createdAt: Date; updatedAt: Date; }'.
src/middleware/errorHandler.ts(2,10): error TS2614: Module '"../utils/logger"' has no exported member 'logger'. Did you mean to use 'import logger from "../utils/logger"' instead?
src/middleware/freemium.middleware.ts(49,11): error TS2561: Object literal may only specify known properties, but 'subscription' does not exist in type 'UserInclude<DefaultArgs>'. Did you mean to write 'subscriptions'?
src/middleware/freemium.middleware.ts(62,26): error TS2339: Property 'subscription' does not exist on type '{ role: UserRole; id: string; email: string; passwordHash: string; firstName: string | null; lastName: string | null; phone: string | null; dateOfBirth: Date | null; createdAt: Date; updatedAt: Date; }'.
src/middleware/freemium.middleware.ts(62,63): error TS2339: Property 'subscription' does not exist on type '{ role: UserRole; id: string; email: string; passwordHash: string; firstName: string | null; lastName: string | null; phone: string | null; dateOfBirth: Date | null; createdAt: Date; updatedAt: Date; }'.
src/middleware/freemium.middleware.ts(79,29): error TS2339: Property 'subscription' does not exist on type '{ role: UserRole; id: string; email: string; passwordHash: string; firstName: string | null; lastName: string | null; phone: string | null; dateOfBirth: Date | null; createdAt: Date; updatedAt: Date; }'.
src/middleware/freemium.middleware.ts(133,17): error TS18046: 'result' is of type 'unknown'.
src/middleware/freemium.middleware.ts(249,20): error TS2561: Object literal may only specify known properties, but 'subscription' does not exist in type 'UserInclude<DefaultArgs>'. Did you mean to write 'subscriptions'?
src/middleware/freemium.middleware.ts(252,27): error TS2339: Property 'subscription' does not exist on type '{ role: UserRole; id: string; email: string; passwordHash: string; firstName: string | null; lastName: string | null; phone: string | null; dateOfBirth: Date | null; createdAt: Date; updatedAt: Date; }'.
src/middleware/freemium.middleware.ts(252,65): error TS2339: Property 'subscription' does not exist on type '{ role: UserRole; id: string; email: string; passwordHash: string; firstName: string | null; lastName: string | null; phone: string | null; dateOfBirth: Date | null; createdAt: Date; updatedAt: Date; }'.
src/middleware/freemium.middleware.ts(314,20): error TS2561: Object literal may only specify known properties, but 'subscription' does not exist in type 'UserInclude<DefaultArgs>'. Did you mean to write 'subscriptions'?
src/middleware/freemium.middleware.ts(327,29): error TS2339: Property 'subscription' does not exist on type '{ role: UserRole; id: string; email: string; passwordHash: string; firstName: string | null; lastName: string | null; phone: string | null; dateOfBirth: Date | null; createdAt: Date; updatedAt: Date; }'.
src/middleware/rateLimiter.middleware.ts(88,3): error TS2322: Type '(req: Request) => string | undefined' is not assignable to type 'ValueDeterminingMiddleware<string>'.
  Type 'string | undefined' is not assignable to type 'string | Promise<string>'.
    Type 'undefined' is not assignable to type 'string | Promise<string>'.
src/middleware/tokenBlacklist.middleware.ts(16,52): error TS2339: Property 'jti' does not exist on type 'JWTPayload'.
src/middleware/tokenBlacklist.middleware.ts(29,52): error TS2339: Property 'jti' does not exist on type 'JWTPayload'.
src/middleware/tokenBlacklist.middleware.ts(44,52): error TS2339: Property 'jti' does not exist on type 'JWTPayload'.
src/middleware/validation.middleware.ts(24,27): error TS2339: Property 'received' does not exist on type 'ZodIssue'.
  Property 'received' does not exist on type 'ZodCustomIssue & { fatal?: boolean | undefined; message: string; }'.
src/middleware/validation.middleware.ts(50,27): error TS2339: Property 'received' does not exist on type 'ZodIssue'.
  Property 'received' does not exist on type 'ZodCustomIssue & { fatal?: boolean | undefined; message: string; }'.
src/middleware/validation.middleware.ts(76,27): error TS2339: Property 'received' does not exist on type 'ZodIssue'.
  Property 'received' does not exist on type 'ZodCustomIssue & { fatal?: boolean | undefined; message: string; }'.
src/middleware/validation.middleware.ts(102,27): error TS2339: Property 'received' does not exist on type 'ZodIssue'.
  Property 'received' does not exist on type 'ZodCustomIssue & { fatal?: boolean | undefined; message: string; }'.
src/middleware/validation.middleware.ts(143,27): error TS2339: Property 'received' does not exist on type 'ZodIssue'.
  Property 'received' does not exist on type 'ZodCustomIssue & { fatal?: boolean | undefined; message: string; }'.
src/middleware/validation.middleware.ts(169,27): error TS2339: Property 'received' does not exist on type 'ZodIssue'.
  Property 'received' does not exist on type 'ZodCustomIssue & { fatal?: boolean | undefined; message: string; }'.
src/middleware/validation.middleware.ts(195,27): error TS2339: Property 'received' does not exist on type 'ZodIssue'.
  Property 'received' does not exist on type 'ZodCustomIssue & { fatal?: boolean | undefined; message: string; }'.
src/middleware/validation.middleware.ts(221,27): error TS2339: Property 'received' does not exist on type 'ZodIssue'.
  Property 'received' does not exist on type 'ZodCustomIssue & { fatal?: boolean | undefined; message: string; }'.
src/middleware/validation.middleware.ts(266,19): error TS2339: Property 'received' does not exist on type 'ZodIssue'.
  Property 'received' does not exist on type 'ZodCustomIssue & { fatal?: boolean | undefined; message: string; }'.
src/queues/queueManager.ts(42,3): error TS2300: Duplicate identifier 'type'.
src/queues/queueManager.ts(46,3): error TS2300: Duplicate identifier 'type'.
src/queues/queueManager.ts(46,3): error TS2717: Subsequent property declarations must have the same type.  Property 'type' must be of type '"notification"', but here has type '"info" | "error" | "success" | "warning"'.
src/queues/queueManager.ts(180,43): error TS2769: No overload matches this call.
  Overload 2 of 2, '(queueName: string, url: string, opts?: QueueOptions | undefined): Queue<any>', gave the following error.
    Argument of type '{ redis: Redis; defaultJobOptions: { attempts: number; backoff: { type: string; delay: number; }; removeOnComplete: number; removeOnFail: number; } | { attempts: number; backoff: { type: string; delay: number; }; removeOnComplete: number; removeOnFail: number; } | ... 8 more ... | { ...; }; settings: { ...; } | ... ...' is not assignable to parameter of type 'string'.
src/queues/queueManager.ts(251,35): error TS2769: No overload matches this call.
  Overload 1 of 2, '(queueName: string, opts?: QueueOptions | undefined): Queue<any>', gave the following error.
    Type 'Redis' is not assignable to type 'string | RedisOptions | undefined'.
      Type 'Redis' is not assignable to type 'RedisOptions'.
        Type 'Redis' is not assignable to type 'CommonRedisOptions'.
          Types of property 'monitor' are incompatible.
            Type '(callback?: Callback<Redis> | undefined) => Promise<Redis>' is not assignable to type 'boolean | undefined'.
  Overload 2 of 2, '(queueName: string, url: string, opts?: QueueOptions | undefined): Queue<any>', gave the following error.
    Argument of type '{ redis: Redis; }' is not assignable to parameter of type 'string'.
src/queues/queueManager.ts(321,37): error TS18046: 'error' is of type 'unknown'.
src/repositories/aiReport.repository.ts(14,24): error TS2551: Property 'aiReport' does not exist on type 'PrismaClient<PrismaClientOptions, never, DefaultArgs>'. Did you mean 'aIReport'?
src/repositories/aiReport.repository.ts(43,24): error TS2551: Property 'aiReport' does not exist on type 'PrismaClient<PrismaClientOptions, never, DefaultArgs>'. Did you mean 'aIReport'?
src/repositories/aiReport.repository.ts(71,24): error TS2551: Property 'aiReport' does not exist on type 'PrismaClient<PrismaClientOptions, never, DefaultArgs>'. Did you mean 'aIReport'?
src/repositories/aiReport.repository.ts(77,24): error TS2551: Property 'aiReport' does not exist on type 'PrismaClient<PrismaClientOptions, never, DefaultArgs>'. Did you mean 'aIReport'?
src/repositories/aiReport.repository.ts(102,24): error TS2551: Property 'aiReport' does not exist on type 'PrismaClient<PrismaClientOptions, never, DefaultArgs>'. Did you mean 'aIReport'?
src/repositories/aiReport.repository.ts(131,24): error TS2551: Property 'aiReport' does not exist on type 'PrismaClient<PrismaClientOptions, never, DefaultArgs>'. Did you mean 'aIReport'?
src/repositories/aiReport.repository.ts(159,24): error TS2551: Property 'aiReport' does not exist on type 'PrismaClient<PrismaClientOptions, never, DefaultArgs>'. Did you mean 'aIReport'?
src/repositories/aiReport.repository.ts(187,24): error TS2551: Property 'aiReport' does not exist on type 'PrismaClient<PrismaClientOptions, never, DefaultArgs>'. Did you mean 'aIReport'?
src/repositories/aiReport.repository.ts(218,24): error TS2551: Property 'aiReport' does not exist on type 'PrismaClient<PrismaClientOptions, never, DefaultArgs>'. Did you mean 'aIReport'?
src/repositories/aiReport.repository.ts(247,24): error TS2551: Property 'aiReport' does not exist on type 'PrismaClient<PrismaClientOptions, never, DefaultArgs>'. Did you mean 'aIReport'?
src/repositories/aiReport.repository.ts(285,24): error TS2551: Property 'aiReport' does not exist on type 'PrismaClient<PrismaClientOptions, never, DefaultArgs>'. Did you mean 'aIReport'?
src/repositories/aiReport.repository.ts(311,23): error TS2551: Property 'aiReport' does not exist on type 'PrismaClient<PrismaClientOptions, never, DefaultArgs>'. Did you mean 'aIReport'?
src/repositories/aiReport.repository.ts(320,19): error TS2551: Property 'aiReport' does not exist on type 'PrismaClient<PrismaClientOptions, never, DefaultArgs>'. Did you mean 'aIReport'?
src/repositories/aiReport.repository.ts(323,19): error TS2551: Property 'aiReport' does not exist on type 'PrismaClient<PrismaClientOptions, never, DefaultArgs>'. Did you mean 'aIReport'?
src/repositories/aiReport.repository.ts(326,19): error TS2551: Property 'aiReport' does not exist on type 'PrismaClient<PrismaClientOptions, never, DefaultArgs>'. Did you mean 'aIReport'?
src/repositories/aiReport.repository.ts(329,19): error TS2551: Property 'aiReport' does not exist on type 'PrismaClient<PrismaClientOptions, never, DefaultArgs>'. Did you mean 'aIReport'?
src/repositories/financialReport.repository.ts(1,41): error TS2305: Module '"@prisma/client"' has no exported member 'ReportType'.
src/repositories/financialReport.repository.ts(17,7): error TS2322: Type '{ userId: string; title: string; reportType: ReportType; content?: string | undefined; fileUrl?: string | undefined; companyId?: string | undefined; year?: number | undefined; parsedData?: any; }' is not assignable to type '(Without<FinancialReportCreateInput, FinancialReportUncheckedCreateInput> & FinancialReportUncheckedCreateInput) | (Without<...> & FinancialReportCreateInput)'.
  Type '{ userId: string; title: string; reportType: ReportType; content?: string | undefined; fileUrl?: string | undefined; companyId?: string | undefined; year?: number | undefined; parsedData?: any; }' is not assignable to type 'Without<FinancialReportUncheckedCreateInput, FinancialReportCreateInput> & FinancialReportCreateInput'.
    Type '{ userId: string; title: string; reportType: ReportType; content?: string | undefined; fileUrl?: string | undefined; companyId?: string | undefined; year?: number | undefined; parsedData?: any; }' is not assignable to type 'Without<FinancialReportUncheckedCreateInput, FinancialReportCreateInput>'.
      Types of property 'companyId' are incompatible.
        Type 'string | undefined' is not assignable to type 'undefined'.
          Type 'string' is not assignable to type 'undefined'.
src/repositories/financialReport.repository.ts(19,9): error TS2353: Object literal may only specify known properties, and 'user' does not exist in type 'FinancialReportInclude<DefaultArgs>'.
src/repositories/financialReport.repository.ts(46,9): error TS2353: Object literal may only specify known properties, and 'user' does not exist in type 'FinancialReportInclude<DefaultArgs>'.
src/repositories/financialReport.repository.ts(78,9): error TS2353: Object literal may only specify known properties, and 'userId' does not exist in type 'FinancialReportWhereInput'.
src/repositories/financialReport.repository.ts(81,9): error TS2353: Object literal may only specify known properties, and 'user' does not exist in type 'FinancialReportInclude<DefaultArgs>'.
src/repositories/financialReport.repository.ts(111,9): error TS2353: Object literal may only specify known properties, and 'userId' does not exist in type 'FinancialReportWhereUniqueInput'.
src/repositories/financialReport.repository.ts(113,7): error TS2322: Type 'Partial<{ title: string; content: string; fileUrl: string; parsedData: any; }>' is not assignable to type '(Without<FinancialReportUpdateInput, FinancialReportUncheckedUpdateInput> & FinancialReportUncheckedUpdateInput) | (Without<...> & FinancialReportUpdateInput)'.
src/repositories/financialReport.repository.ts(115,9): error TS2353: Object literal may only specify known properties, and 'user' does not exist in type 'FinancialReportInclude<DefaultArgs>'.
src/repositories/financialReport.repository.ts(136,9): error TS2353: Object literal may only specify known properties, and 'userId' does not exist in type 'FinancialReportWhereUniqueInput'.
src/repositories/financialReport.repository.ts(144,9): error TS2353: Object literal may only specify known properties, and 'reportType' does not exist in type 'FinancialReportWhereInput'.
src/repositories/financialReport.repository.ts(147,9): error TS2353: Object literal may only specify known properties, and 'user' does not exist in type 'FinancialReportInclude<DefaultArgs>'.
src/repositories/financialReport.repository.ts(173,9): error TS2353: Object literal may only specify known properties, and 'user' does not exist in type 'FinancialReportInclude<DefaultArgs>'.
src/repositories/financialReport.repository.ts(199,9): error TS2353: Object literal may only specify known properties, and 'user' does not exist in type 'FinancialReportInclude<DefaultArgs>'.
src/repositories/financialReport.repository.ts(222,9): error TS2353: Object literal may only specify known properties, and 'userId' does not exist in type 'FinancialReportWhereInput'.
src/repositories/financialReport.repository.ts(225,9): error TS2353: Object literal may only specify known properties, and 'user' does not exist in type 'FinancialReportInclude<DefaultArgs>'.
src/repositories/financialReport.repository.ts(253,9): error TS2353: Object literal may only specify known properties, and 'userId' does not exist in type 'FinancialReportWhereInput'.
src/repositories/financialReport.repository.ts(260,9): error TS2353: Object literal may only specify known properties, and 'user' does not exist in type 'FinancialReportInclude<DefaultArgs>'.
src/repositories/loan.repository.ts(1,24): error TS2305: Module '"@prisma/client"' has no exported member 'Loan'.
src/repositories/loan.repository.ts(1,30): error TS2305: Module '"@prisma/client"' has no exported member 'LoanStatus'.
src/repositories/loan.repository.ts(1,42): error TS2305: Module '"@prisma/client"' has no exported member 'LoanType'.
src/repositories/loan.repository.ts(17,7): error TS2322: Type '{ userId: string; principal: number; interestRate: number; tenure: number; emi: number; totalPayment: number; type: LoanType; status: LoanStatus; }' is not assignable to type '(Without<LoanSimulationCreateInput, LoanSimulationUncheckedCreateInput> & LoanSimulationUncheckedCreateInput) | (Without<...> & LoanSimulationCreateInput)'.
  Type '{ userId: string; principal: number; interestRate: number; tenure: number; emi: number; totalPayment: number; type: LoanType; status: LoanStatus; }' is not assignable to type 'Without<LoanSimulationCreateInput, LoanSimulationUncheckedCreateInput> & LoanSimulationUncheckedCreateInput'.
    Type '{ userId: string; principal: number; interestRate: number; tenure: number; emi: number; totalPayment: number; type: LoanType; status: LoanStatus; }' is missing the following properties from type 'LoanSimulationUncheckedCreateInput': amount, rate, totalInterest
src/repositories/loan.repository.ts(118,9): error TS2353: Object literal may only specify known properties, and 'status' does not exist in type 'LoanSimulationWhereInput'.
src/repositories/loan.repository.ts(137,9): error TS2353: Object literal may only specify known properties, and 'type' does not exist in type 'LoanSimulationWhereInput'.
src/repositories/loan.repository.ts(159,9): error TS2353: Object literal may only specify known properties, and 'status' does not exist in type '(Without<LoanSimulationUpdateInput, LoanSimulationUncheckedUpdateInput> & LoanSimulationUncheckedUpdateInput) | (Without<...> & LoanSimulationUpdateInput)'.
src/routes/analysis.ts(3,24): error TS2305: Module '"@prisma/client"' has no exported member 'AnalysisType'.
src/routes/analysis.ts(4,23): error TS2305: Module '"../middleware/auth"' has no exported member 'asyncHandler'.
src/routes/analysis.ts(4,37): error TS2305: Module '"../middleware/auth"' has no exported member 'createError'.
src/routes/analysis.ts(21,38): error TS2339: Property 'aIAnalysis' does not exist on type 'PrismaClient<PrismaClientOptions, never, DefaultArgs>'.
src/routes/analysis.ts(35,45): error TS2345: Argument of type 'unknown' is not assignable to parameter of type 'AnalysisInput'.
src/routes/analysis.ts(37,33): error TS2339: Property 'aIAnalysis' does not exist on type 'PrismaClient<PrismaClientOptions, never, DefaultArgs>'.
src/routes/analysis.ts(54,33): error TS2339: Property 'aIAnalysis' does not exist on type 'PrismaClient<PrismaClientOptions, never, DefaultArgs>'.
src/routes/analysis.ts(64,33): error TS2339: Property 'aIAnalysis' does not exist on type 'PrismaClient<PrismaClientOptions, never, DefaultArgs>'.
src/routes/api.v1.routes.ts(2,28): error TS2307: Cannot find module '../../services/apiGateway' or its corresponding type declarations.
src/routes/api.v1.routes.ts(3,31): error TS2307: Cannot find module '../../services/apiKeyService' or its corresponding type declarations.
src/routes/api.v1.routes.ts(4,32): error TS2307: Cannot find module '../../services/copilotService' or its corresponding type declarations.
src/routes/api.v1.routes.ts(5,31): error TS2307: Cannot find module '../../services/researchSwarmOrchestrator' or its corresponding type declarations.
src/routes/api.v1.routes.ts(6,51): error TS2307: Cannot find module '../../services/apiPlatformTypes' or its corresponding type declarations.
src/routes/api.v1.routes.ts(31,34): error TS7006: Parameter 'e' implicitly has an 'any' type.
src/routes/auth.routes.ts(77,47): error TS2345: Argument of type '{ role: UserRole; id: string; email: string; createdAt: Date; }' is not assignable to parameter of type '{ role: UserRole; id: string; email: string; passwordHash: string; firstName: string | null; lastName: string | null; phone: string | null; dateOfBirth: Date | null; createdAt: Date; updatedAt: Date; }'.
  Type '{ role: UserRole; id: string; email: string; createdAt: Date; }' is missing the following properties from type '{ role: UserRole; id: string; email: string; passwordHash: string; firstName: string | null; lastName: string | null; phone: string | null; dateOfBirth: Date | null; createdAt: Date; updatedAt: Date; }': passwordHash, firstName, lastName, phone, and 2 more.
src/routes/auth.ts(42,7): error TS2353: Object literal may only specify known properties, and 'password' does not exist in type '(Without<UserCreateInput, UserUncheckedCreateInput> & UserUncheckedCreateInput) | (Without<...> & UserCreateInput)'.
src/routes/auth.ts(74,7): error TS2561: Object literal may only specify known properties, but 'subscription' does not exist in type 'UserInclude<DefaultArgs>'. Did you mean to write 'subscriptions'?
src/routes/auth.ts(84,77): error TS2339: Property 'password' does not exist on type '{ role: UserRole; id: string; email: string; passwordHash: string; firstName: string | null; lastName: string | null; phone: string | null; dateOfBirth: Date | null; createdAt: Date; updatedAt: Date; }'.
src/routes/auth.ts(96,11): error TS2339: Property 'password' does not exist on type '{ role: UserRole; id: string; email: string; passwordHash: string; firstName: string | null; lastName: string | null; phone: string | null; dateOfBirth: Date | null; createdAt: Date; updatedAt: Date; }'.
src/routes/copilot.routes.ts(2,32): error TS2307: Cannot find module '../../services/copilotService' or its corresponding type declarations.
src/routes/copilot.routes.ts(3,30): error TS2307: Cannot find module '../../middleware/auth.middleware' or its corresponding type declarations.
src/routes/education.routes.ts(2,34): error TS2307: Cannot find module '../../services/educationContent' or its corresponding type declarations.
src/routes/education.routes.ts(3,45): error TS2307: Cannot find module '../../services/investmentSimulationService' or its corresponding type declarations.
src/routes/education.routes.ts(4,36): error TS2307: Cannot find module '../../services/aiExplainerService' or its corresponding type declarations.
src/routes/education.routes.ts(5,32): error TS2307: Cannot find module '../../services/educationTypes' or its corresponding type declarations.
src/routes/education.routes.ts(44,76): error TS7006: Parameter 'q' implicitly has an 'any' type.
src/routes/education.routes.ts(57,38): error TS7006: Parameter 'q' implicitly has an 'any' type.
src/routes/enterprise.routes.ts(2,35): error TS2307: Cannot find module '../../services/enterpriseService' or its corresponding type declarations.
src/routes/enterprise.routes.ts(3,47): error TS2307: Cannot find module '../../services/institutionalAnalyticsService' or its corresponding type declarations.
src/routes/loan.routes.ts(60,7): error TS2353: Object literal may only specify known properties, and 'loans' does not exist in type 'ZodType<any, ZodTypeDef, any>'.
src/routes/loan.routes.ts(81,7): error TS2353: Object literal may only specify known properties, and 'monthlyIncome' does not exist in type 'ZodType<any, ZodTypeDef, any>'.
src/routes/loans.ts(3,24): error TS2305: Module '"@prisma/client"' has no exported member 'LoanType'.
src/routes/loans.ts(4,23): error TS2305: Module '"../middleware/auth"' has no exported member 'asyncHandler'.
src/routes/loans.ts(4,37): error TS2305: Module '"../middleware/auth"' has no exported member 'createError'.
src/routes/loans.ts(21,29): error TS2339: Property 'loan' does not exist on type 'PrismaClient<PrismaClientOptions, never, DefaultArgs>'.
src/routes/loans.ts(36,30): error TS2339: Property 'loan' does not exist on type 'PrismaClient<PrismaClientOptions, never, DefaultArgs>'.
src/routes/loans.ts(46,29): error TS2339: Property 'loan' does not exist on type 'PrismaClient<PrismaClientOptions, never, DefaultArgs>'.
src/routes/personalFinance.routes.ts(2,67): error TS2307: Cannot find module '../../services/personalFinanceOrchestrator' or its corresponding type declarations.
src/routes/personalFinance.routes.ts(3,39): error TS2307: Cannot find module '../../services/budgetAnalysisService' or its corresponding type declarations.
src/routes/personalFinance.routes.ts(4,39): error TS2307: Cannot find module '../../services/debtManagementService' or its corresponding type declarations.
src/routes/personalFinance.routes.ts(5,43): error TS2307: Cannot find module '../../services/investmentPlanningService' or its corresponding type declarations.
src/routes/personalFinance.routes.ts(6,37): error TS2307: Cannot find module '../../services/personalFinanceTypes' or its corresponding type declarations.
src/routes/personalFinance.routes.ts(248,51): error TS7006: Parameter 'l' implicitly has an 'any' type.
src/routes/reportParser.routes.ts(6,10): error TS2459: Module '"../controllers/reportParser.controller"' declares 'upload' locally, but it is not exported.
src/routes/reportParser.routes.ts(50,14): error TS2353: Object literal may only specify known properties, and 'limit' does not exist in type 'ZodType<any, ZodTypeDef, any>'.
src/routes/reportParser.routes.ts(59,7): error TS2353: Object literal may only specify known properties, and 'year' does not exist in type 'ZodType<any, ZodTypeDef, any>'.
src/routes/reportParser.routes.ts(69,14): error TS2353: Object literal may only specify known properties, and 'years' does not exist in type 'ZodType<any, ZodTypeDef, any>'.
src/routes/reports.ts(3,24): error TS2305: Module '"@prisma/client"' has no exported member 'ReportType'.
src/routes/reports.ts(4,23): error TS2305: Module '"../middleware/auth"' has no exported member 'asyncHandler'.
src/routes/reports.ts(4,37): error TS2305: Module '"../middleware/auth"' has no exported member 'createError'.
src/routes/reports.ts(23,7): error TS2353: Object literal may only specify known properties, and 'userId' does not exist in type '(Without<FinancialReportCreateInput, FinancialReportUncheckedCreateInput> & FinancialReportUncheckedCreateInput) | (Without<...> & FinancialReportCreateInput)'.
src/routes/reports.ts(36,14): error TS2353: Object literal may only specify known properties, and 'userId' does not exist in type 'FinancialReportWhereInput'.
src/routes/reports.ts(48,7): error TS2353: Object literal may only specify known properties, and 'userId' does not exist in type 'FinancialReportWhereInput'.
src/routes/reports.ts(64,7): error TS2353: Object literal may only specify known properties, and 'userId' does not exist in type 'FinancialReportWhereInput'.
src/routes/subscriptions.ts(4,23): error TS2305: Module '"../middleware/auth"' has no exported member 'asyncHandler'.
src/routes/subscriptions.ts(4,37): error TS2305: Module '"../middleware/auth"' has no exported member 'createError'.
src/routes/subscriptions.ts(17,5): error TS2322: Type '{ userId: string; }' is not assignable to type 'SubscriptionWhereUniqueInput'.
  Type '{ userId: string; }' is not assignable to type '{ id: string; } & { id?: string | undefined; AND?: SubscriptionWhereInput | SubscriptionWhereInput[] | undefined; OR?: SubscriptionWhereInput[] | undefined; ... 8 more ...; user?: (Without<...> & UserWhereInput) | ... 1 more ... | undefined; }'.
    Property 'id' is missing in type '{ userId: string; }' but required in type '{ id: string; }'.
src/routes/subscriptions.ts(44,5): error TS2322: Type '{ userId: string; }' is not assignable to type 'SubscriptionWhereUniqueInput'.
  Type '{ userId: string; }' is not assignable to type '{ id: string; } & { id?: string | undefined; AND?: SubscriptionWhereInput | SubscriptionWhereInput[] | undefined; OR?: SubscriptionWhereInput[] | undefined; ... 8 more ...; user?: (Without<...> & UserWhereInput) | ... 1 more ... | undefined; }'.
    Property 'id' is missing in type '{ userId: string; }' but required in type '{ id: string; }'.
src/routes/subscriptions.ts(67,5): error TS2322: Type '{ userId: string; }' is not assignable to type 'SubscriptionWhereUniqueInput'.
  Type '{ userId: string; }' is not assignable to type '{ id: string; } & { id?: string | undefined; AND?: SubscriptionWhereInput | SubscriptionWhereInput[] | undefined; OR?: SubscriptionWhereInput[] | undefined; ... 8 more ...; user?: (Without<...> & UserWhereInput) | ... 1 more ... | undefined; }'.
    Property 'id' is missing in type '{ userId: string; }' but required in type '{ id: string; }'.
src/routes/swarm.routes.ts(2,74): error TS2307: Cannot find module '../../services/researchSwarmOrchestrator' or its corresponding type declarations.
src/routes/swarm.routes.ts(137,51): error TS7006: Parameter 'agent' implicitly has an 'any' type.
src/routes/usage.routes.ts(3,10): error TS2305: Module '"../middleware/auth.middleware"' has no exported member 'authenticateToken'.
src/routes/users.ts(4,23): error TS2305: Module '"../middleware/auth"' has no exported member 'asyncHandler'.
src/routes/users.ts(4,37): error TS2305: Module '"../middleware/auth"' has no exported member 'createError'.
src/routes/users.ts(14,7): error TS2561: Object literal may only specify known properties, but 'subscription' does not exist in type 'UserInclude<DefaultArgs>'. Did you mean to write 'subscriptions'?
src/routes/users.ts(25,7): error TS2561: Object literal may only specify known properties, but 'subscription' does not exist in type 'UserSelect<DefaultArgs>'. Did you mean to write 'subscriptions'?
src/services/aiAnalysis.ts(1,10): error TS2305: Module '"@prisma/client"' has no exported member 'AnalysisType'.
src/services/financialRatio.service.ts(479,7): error TS2322: Type 'number | null' is not assignable to type 'number | undefined'.
  Type 'null' is not assignable to type 'number | undefined'.
src/services/financialRatio.service.ts(483,7): error TS2322: Type 'number | null' is not assignable to type 'number | undefined'.
  Type 'null' is not assignable to type 'number | undefined'.
src/services/financialRatio.service.ts(487,7): error TS2322: Type 'number | null' is not assignable to type 'number | undefined'.
  Type 'null' is not assignable to type 'number | undefined'.
src/services/financialRatio.service.ts(491,7): error TS2322: Type 'number | null' is not assignable to type 'number | undefined'.
  Type 'null' is not assignable to type 'number | undefined'.
src/services/financialRatio.service.ts(495,7): error TS2322: Type 'number | null' is not assignable to type 'number | undefined'.
  Type 'null' is not assignable to type 'number | undefined'.
src/services/financialRatio.service.ts(499,7): error TS2322: Type 'number | null' is not assignable to type 'number | undefined'.
  Type 'null' is not assignable to type 'number | undefined'.
src/services/financialRatio.service.ts(503,7): error TS2322: Type 'number | null' is not assignable to type 'number | undefined'.
  Type 'null' is not assignable to type 'number | undefined'.
src/services/financialRatio.service.ts(507,7): error TS2322: Type 'number | null' is not assignable to type 'number | undefined'.
  Type 'null' is not assignable to type 'number | undefined'.
src/services/financialRatio.service.ts(511,7): error TS2322: Type 'number | null' is not assignable to type 'number | undefined'.
  Type 'null' is not assignable to type 'number | undefined'.
src/services/financialRatio.service.ts(515,7): error TS2322: Type 'number | null' is not assignable to type 'number | undefined'.
  Type 'null' is not assignable to type 'number | undefined'.
src/services/financialRatio.service.ts(519,7): error TS2322: Type 'number | null' is not assignable to type 'number | undefined'.
  Type 'null' is not assignable to type 'number | undefined'.
src/services/financialRatio.service.ts(525,9): error TS2322: Type 'number | null' is not assignable to type 'number | undefined'.
  Type 'null' is not assignable to type 'number | undefined'.
src/services/financialRatio.service.ts(529,9): error TS2322: Type 'number | null' is not assignable to type 'number | undefined'.
  Type 'null' is not assignable to type 'number | undefined'.
src/services/financialRatio.service.ts(737,43): error TS2339: Property 'totalLiabilities' does not exist on type '{ id: string; createdAt: Date; year: number; companyId: string; revenue: number; netProfit: number; totalAssets: number; totalEquity: number; totalDebt: number; }'.
src/services/financialRatio.service.ts(738,33): error TS2339: Property 'equity' does not exist on type '{ id: string; createdAt: Date; year: number; companyId: string; revenue: number; netProfit: number; totalAssets: number; totalEquity: number; totalDebt: number; }'.
src/services/financialRatio.service.ts(739,30): error TS2339: Property 'eps' does not exist on type '{ id: string; createdAt: Date; year: number; companyId: string; revenue: number; netProfit: number; totalAssets: number; totalEquity: number; totalDebt: number; }'.
src/services/financialRatio.service.ts(740,38): error TS2339: Property 'grossProfit' does not exist on type '{ id: string; createdAt: Date; year: number; companyId: string; revenue: number; netProfit: number; totalAssets: number; totalEquity: number; totalDebt: number; }'.
src/services/financialRatio.service.ts(741,42): error TS2339: Property 'operatingIncome' does not exist on type '{ id: string; createdAt: Date; year: number; companyId: string; revenue: number; netProfit: number; totalAssets: number; totalEquity: number; totalDebt: number; }'.
src/services/financialRatio.service.ts(742,40): error TS2339: Property 'currentAssets' does not exist on type '{ id: string; createdAt: Date; year: number; companyId: string; revenue: number; netProfit: number; totalAssets: number; totalEquity: number; totalDebt: number; }'.
src/services/financialRatio.service.ts(743,45): error TS2339: Property 'currentLiabilities' does not exist on type '{ id: string; createdAt: Date; year: number; companyId: string; revenue: number; netProfit: number; totalAssets: number; totalEquity: number; totalDebt: number; }'.
src/services/financialRatio.service.ts(744,36): error TS2339: Property 'inventory' does not exist on type '{ id: string; createdAt: Date; year: number; companyId: string; revenue: number; netProfit: number; totalAssets: number; totalEquity: number; totalDebt: number; }'.
src/services/financialRatio.service.ts(745,42): error TS2339: Property 'costOfGoodsSold' does not exist on type '{ id: string; createdAt: Date; year: number; companyId: string; revenue: number; netProfit: number; totalAssets: number; totalEquity: number; totalDebt: number; }'.
src/services/financialRatio.service.ts(751,44): error TS2339: Property 'totalLiabilities' does not exist on type '{ id: string; createdAt: Date; year: number; companyId: string; revenue: number; netProfit: number; totalAssets: number; totalEquity: number; totalDebt: number; }'.
src/services/financialRatio.service.ts(752,34): error TS2339: Property 'equity' does not exist on type '{ id: string; createdAt: Date; year: number; companyId: string; revenue: number; netProfit: number; totalAssets: number; totalEquity: number; totalDebt: number; }'.
src/services/financialRatio.service.ts(753,31): error TS2339: Property 'eps' does not exist on type '{ id: string; createdAt: Date; year: number; companyId: string; revenue: number; netProfit: number; totalAssets: number; totalEquity: number; totalDebt: number; }'.
src/services/financialRatio.service.ts(754,39): error TS2339: Property 'grossProfit' does not exist on type '{ id: string; createdAt: Date; year: number; companyId: string; revenue: number; netProfit: number; totalAssets: number; totalEquity: number; totalDebt: number; }'.
src/services/financialRatio.service.ts(755,43): error TS2339: Property 'operatingIncome' does not exist on type '{ id: string; createdAt: Date; year: number; companyId: string; revenue: number; netProfit: number; totalAssets: number; totalEquity: number; totalDebt: number; }'.
src/services/financialRatio.service.ts(756,41): error TS2339: Property 'currentAssets' does not exist on type '{ id: string; createdAt: Date; year: number; companyId: string; revenue: number; netProfit: number; totalAssets: number; totalEquity: number; totalDebt: number; }'.
src/services/financialRatio.service.ts(757,46): error TS2339: Property 'currentLiabilities' does not exist on type '{ id: string; createdAt: Date; year: number; companyId: string; revenue: number; netProfit: number; totalAssets: number; totalEquity: number; totalDebt: number; }'.
src/services/financialRatio.service.ts(758,37): error TS2339: Property 'inventory' does not exist on type '{ id: string; createdAt: Date; year: number; companyId: string; revenue: number; netProfit: number; totalAssets: number; totalEquity: number; totalDebt: number; }'.
src/services/financialRatio.service.ts(759,43): error TS2339: Property 'costOfGoodsSold' does not exist on type '{ id: string; createdAt: Date; year: number; companyId: string; revenue: number; netProfit: number; totalAssets: number; totalEquity: number; totalDebt: number; }'.
src/services/financialRatio.service.ts(796,11): error TS2353: Object literal may only specify known properties, and 'roe' does not exist in type '(Without<FinancialReportUpdateInput, FinancialReportUncheckedUpdateInput> & FinancialReportUncheckedUpdateInput) | (Without<...> & FinancialReportUpdateInput)'.
src/services/financialRatio.service.ts(856,11): error TS2353: Object literal may only specify known properties, and 'roe' does not exist in type 'FinancialReportSelect<DefaultArgs>'.
src/services/financialReport.service.ts(1,41): error TS2305: Module '"@prisma/client"' has no exported member 'ReportType'.
src/services/financialReport.service.ts(183,20): error TS2339: Property 'reportType' does not exist on type '{ id: string; createdAt: Date; year: number; companyId: string; revenue: number; netProfit: number; totalAssets: number; totalEquity: number; totalDebt: number; }'.
src/services/financialReport.service.ts(183,46): error TS2339: Property 'reportType' does not exist on type '{ id: string; createdAt: Date; year: number; companyId: string; revenue: number; netProfit: number; totalAssets: number; totalEquity: number; totalDebt: number; }'.
src/services/investmentSimulationService.ts(27,9): error TS2741: Property 'value' is missing in type '{ metric: string; format: "currency"; }' but required in type 'SimulationOutcome'.
src/services/investmentSimulationService.ts(28,9): error TS2741: Property 'value' is missing in type '{ metric: string; format: "currency"; }' but required in type 'SimulationOutcome'.
src/services/investmentSimulationService.ts(29,9): error TS2741: Property 'value' is missing in type '{ metric: string; format: "currency"; }' but required in type 'SimulationOutcome'.
src/services/investmentSimulationService.ts(30,9): error TS2741: Property 'value' is missing in type '{ metric: string; format: "number"; }' but required in type 'SimulationOutcome'.
src/services/investmentSimulationService.ts(53,9): error TS2741: Property 'value' is missing in type '{ metric: string; format: "currency"; }' but required in type 'SimulationOutcome'.
src/services/investmentSimulationService.ts(54,9): error TS2741: Property 'value' is missing in type '{ metric: string; format: "currency"; }' but required in type 'SimulationOutcome'.
src/services/investmentSimulationService.ts(55,9): error TS2741: Property 'value' is missing in type '{ metric: string; format: "number"; }' but required in type 'SimulationOutcome'.
src/services/investmentSimulationService.ts(75,9): error TS2741: Property 'value' is missing in type '{ metric: string; format: "currency"; }' but required in type 'SimulationOutcome'.
src/services/investmentSimulationService.ts(76,9): error TS2741: Property 'value' is missing in type '{ metric: string; format: "currency"; }' but required in type 'SimulationOutcome'.
src/services/investmentSimulationService.ts(77,9): error TS2741: Property 'value' is missing in type '{ metric: string; format: "currency"; }' but required in type 'SimulationOutcome'.
src/services/investmentSimulationService.ts(78,9): error TS2741: Property 'value' is missing in type '{ metric: string; format: "percentage"; }' but required in type 'SimulationOutcome'.
src/services/investmentSimulationService.ts(97,9): error TS2741: Property 'value' is missing in type '{ metric: string; format: "percentage"; }' but required in type 'SimulationOutcome'.
src/services/investmentSimulationService.ts(98,9): error TS2741: Property 'value' is missing in type '{ metric: string; format: "currency"; }' but required in type 'SimulationOutcome'.
src/services/investmentSimulationService.ts(99,9): error TS2741: Property 'value' is missing in type '{ metric: string; format: "currency"; }' but required in type 'SimulationOutcome'.
src/services/investmentSimulationService.ts(100,9): error TS2741: Property 'value' is missing in type '{ metric: string; format: "number"; }' but required in type 'SimulationOutcome'.
src/services/investmentSimulationService.ts(119,9): error TS2741: Property 'value' is missing in type '{ metric: string; format: "percentage"; }' but required in type 'SimulationOutcome'.
src/services/investmentSimulationService.ts(120,9): error TS2741: Property 'value' is missing in type '{ metric: string; format: "percentage"; }' but required in type 'SimulationOutcome'.
src/services/investmentSimulationService.ts(121,9): error TS2741: Property 'value' is missing in type '{ metric: string; format: "number"; }' but required in type 'SimulationOutcome'.
src/services/loan.service.ts(1,24): error TS2305: Module '"@prisma/client"' has no exported member 'Loan'.
src/services/loan.service.ts(1,30): error TS2305: Module '"@prisma/client"' has no exported member 'LoanStatus'.
src/services/loan.service.ts(1,42): error TS2305: Module '"@prisma/client"' has no exported member 'LoanType'.
src/services/loan.service.ts(310,9): error TS2554: Expected 1-3 arguments, but got 4.
src/services/loanProducts.service.ts(86,65): error TS2345: Argument of type 'Sql' is not assignable to parameter of type 'string'.
src/services/pdfParser.service.ts(2,27): error TS2307: Cannot find module 'tesseract.js' or its corresponding type declarations.
src/services/pdfParser.service.ts(3,30): error TS2307: Cannot find module 'tesseract.js' or its corresponding type declarations.
src/services/pdfParser.service.ts(145,31): error TS2349: This expression is not callable.
  Type 'typeof import("C:/Users/surkh/Desktop/advisior/node_modules/pdf-parse/dist/pdf-parse/cjs/index")' has no call signatures.
src/services/pdfParser.service.ts(163,18): error TS18046: 'pdfError' is of type 'unknown'.
src/services/pdfParser.service.ts(185,20): error TS18046: 'ocrError' is of type 'unknown'.
src/services/pdfParser.service.ts(224,16): error TS18046: 'error' is of type 'unknown'.
src/services/pdfParser.service.ts(308,28): error TS7053: Element implicitly has an 'any' type because expression of type 'string' can't be used to index type '{ thousand: number; lakh: number; million: number; crore: number; billion: number; }'.
  No index signature with a parameter of type 'string' was found on type '{ thousand: number; lakh: number; million: number; crore: number; billion: number; }'.
src/services/pdfParser.service.ts(356,13): error TS2353: Object literal may only specify known properties, and 'totalLiabilities' does not exist in type '(Without<FinancialReportUpdateInput, FinancialReportUncheckedUpdateInput> & FinancialReportUncheckedUpdateInput) | (Without<...> & FinancialReportUpdateInput)'.
src/services/pdfParser.service.ts(375,13): error TS2322: Type 'number | undefined' is not assignable to type 'number'.
  Type 'undefined' is not assignable to type 'number'.
src/services/pdfParser.service.ts(376,13): error TS2322: Type 'number | undefined' is not assignable to type 'number'.
  Type 'undefined' is not assignable to type 'number'.
src/services/pdfParser.service.ts(377,13): error TS2322: Type 'number | undefined' is not assignable to type 'number'.
  Type 'undefined' is not assignable to type 'number'.
src/services/pdfParser.service.ts(398,16): error TS18046: 'error' is of type 'unknown'.
src/services/pdfParser.service.ts(443,7): error TS2322: Type 'JobId' is not assignable to type 'string'.
  Type 'number' is not assignable to type 'string'.
src/services/pdfParser.service.ts(450,16): error TS18046: 'error' is of type 'unknown'.
src/services/pdfParser.service.ts(497,16): error TS18046: 'error' is of type 'unknown'.
src/services/pdfParser.service.ts(519,13): error TS2349: This expression is not callable.
  Type 'typeof import("C:/Users/surkh/Desktop/advisior/node_modules/pdf-parse/dist/pdf-parse/cjs/index")' has no call signatures.
src/services/pdfParser.service.ts(530,38): error TS2339: Property 'getJob' does not exist on type 'QueueManager'.
src/services/pdfParser.service.ts(551,16): error TS18046: 'error' is of type 'unknown'.
src/services/pdfParser.service.ts(562,39): error TS2339: Property 'getJobs' does not exist on type 'QueueManager'.
src/services/pdfParser.service.ts(565,17): error TS7006: Parameter 'job' implicitly has an 'any' type.
src/services/pdfParser.service.ts(566,14): error TS7006: Parameter 'job' implicitly has an 'any' type.
src/services/pdfParser.service.ts(581,16): error TS18046: 'error' is of type 'unknown'.
src/services/reportGenerator.service.ts(659,31): error TS2769: No overload matches this call.
  Overload 1 of 8, '(options: RedisOptions): Redis', gave the following error.
    Argument of type 'string | undefined' is not assignable to parameter of type 'RedisOptions'.
      Type 'undefined' is not assignable to type 'RedisOptions'.
        Type 'undefined' is not assignable to type 'CommonRedisOptions'.
  Overload 2 of 8, '(port: number): Redis', gave the following error.
    Argument of type 'string | undefined' is not assignable to parameter of type 'number'.
      Type 'undefined' is not assignable to type 'number'.
  Overload 3 of 8, '(path: string): Redis', gave the following error.
    Argument of type 'string | undefined' is not assignable to parameter of type 'string'.
      Type 'undefined' is not assignable to type 'string'.
src/services/reportGenerator.service.ts(672,31): error TS2769: No overload matches this call.
  Overload 1 of 8, '(options: RedisOptions): Redis', gave the following error.
    Argument of type 'string | undefined' is not assignable to parameter of type 'RedisOptions'.
      Type 'undefined' is not assignable to type 'RedisOptions'.
        Type 'undefined' is not assignable to type 'CommonRedisOptions'.
  Overload 2 of 8, '(port: number): Redis', gave the following error.
    Argument of type 'string | undefined' is not assignable to parameter of type 'number'.
      Type 'undefined' is not assignable to type 'number'.
  Overload 3 of 8, '(path: string): Redis', gave the following error.
    Argument of type 'string | undefined' is not assignable to parameter of type 'string'.
      Type 'undefined' is not assignable to type 'string'.
src/services/reportGenerator.service.ts(701,11): error TS2353: Object literal may only specify known properties, and 'reportType' does not exist in type 'Without<AIReportCreateInput, AIReportUncheckedCreateInput> & AIReportUncheckedCreateInput'.
src/services/reportGenerator.service.ts(751,11): error TS2353: Object literal may only specify known properties, and 'reportType' does not exist in type 'AIReportWhereInput'.
src/services/reportGenerator.service.ts(760,32): error TS2339: Property 'content' does not exist on type '{ id: string; createdAt: Date; updatedAt: Date; userId: string; year: number | null; companyId: string | null; financialReportId: string | null; analysisText: string; riskScore: number; }'.
src/services/reportGenerator.service.ts(795,11): error TS2353: Object literal may only specify known properties, and 'reportType' does not exist in type 'AIReportSelect<DefaultArgs>'.
src/services/reportGenerator.service.ts(802,7): error TS2322: Type '{ id: string; year: number | null; reportType: any; summary: any; rating: any; riskScore: any; createdAt: Date; }[]' is not assignable to type '{ id: string; year: number; reportType: string; summary: string; rating: string; riskScore: number; createdAt: Date; }[]'.
  Type '{ id: string; year: number | null; reportType: any; summary: any; rating: any; riskScore: any; createdAt: Date; }' is not assignable to type '{ id: string; year: number; reportType: string; summary: string; rating: string; riskScore: number; createdAt: Date; }'.
    Types of property 'year' are incompatible.
      Type 'number | null' is not assignable to type 'number'.
        Type 'null' is not assignable to type 'number'.
src/services/reportGenerator.service.ts(805,28): error TS2339: Property 'reportType' does not exist on type '{ id: string; createdAt: Date; updatedAt: Date; userId: string; year: number | null; companyId: string | null; financialReportId: string | null; analysisText: string; riskScore: number; }'.
src/services/reportGenerator.service.ts(806,25): error TS2339: Property 'summary' does not exist on type '{ id: string; createdAt: Date; updatedAt: Date; userId: string; year: number | null; companyId: string | null; financialReportId: string | null; analysisText: string; riskScore: number; }'.
src/services/reportGenerator.service.ts(807,35): error TS2339: Property 'content' does not exist on type '{ id: string; createdAt: Date; updatedAt: Date; userId: string; year: number | null; companyId: string | null; financialReportId: string | null; analysisText: string; riskScore: number; }'.
src/services/reportGenerator.service.ts(808,38): error TS2339: Property 'content' does not exist on type '{ id: string; createdAt: Date; updatedAt: Date; userId: string; year: number | null; companyId: string | null; financialReportId: string | null; analysisText: string; riskScore: number; }'.
src/services/reportGenerator.service.ts(918,11): error TS2353: Object literal may only specify known properties, and 'reportType' does not exist in type 'AIReportSelect<DefaultArgs>'.
src/services/reportGenerator.service.ts(934,30): error TS2339: Property 'reportType' does not exist on type '{ id: string; createdAt: Date; updatedAt: Date; userId: string; year: number | null; companyId: string | null; financialReportId: string | null; analysisText: string; riskScore: number; }'.
src/services/reportGenerator.service.ts(934,66): error TS2339: Property 'reportType' does not exist on type '{ id: string; createdAt: Date; updatedAt: Date; userId: string; year: number | null; companyId: string | null; financialReportId: string | null; analysisText: string; riskScore: number; }'.
src/services/reportGenerator.service.ts(938,45): error TS2339: Property 'content' does not exist on type '{ id: string; createdAt: Date; updatedAt: Date; userId: string; year: number | null; companyId: string | null; financialReportId: string | null; analysisText: string; riskScore: number; }'.
src/services/usage.service.ts(83,19): error TS18046: 'result' is of type 'unknown'.
src/services/usage.service.ts(90,18): error TS2561: Object literal may only specify known properties, but 'subscription' does not exist in type 'UserInclude<DefaultArgs>'. Did you mean to write 'subscriptions'?
src/services/usage.service.ts(116,30): error TS2339: Property 'subscription' does not exist on type '{ role: UserRole; id: string; email: string; passwordHash: string; firstName: string | null; lastName: string | null; phone: string | null; dateOfBirth: Date | null; createdAt: Date; updatedAt: Date; }'.
src/services/usage.service.ts(186,18): error TS2561: Object literal may only specify known properties, but 'subscription' does not exist in type 'UserInclude<DefaultArgs>'. Did you mean to write 'subscriptions'?
src/services/usage.service.ts(193,31): error TS2339: Property 'subscription' does not exist on type '{ role: UserRole; id: string; email: string; passwordHash: string; firstName: string | null; lastName: string | null; phone: string | null; dateOfBirth: Date | null; createdAt: Date; updatedAt: Date; }'.
src/services/usage.service.ts(194,20): error TS2339: Property 'subscription' does not exist on type '{ role: UserRole; id: string; email: string; passwordHash: string; firstName: string | null; lastName: string | null; phone: string | null; dateOfBirth: Date | null; createdAt: Date; updatedAt: Date; }'.
src/services/usage.service.ts(194,58): error TS2339: Property 'subscription' does not exist on type '{ role: UserRole; id: string; email: string; passwordHash: string; firstName: string | null; lastName: string | null; phone: string | null; dateOfBirth: Date | null; createdAt: Date; updatedAt: Date; }'.
src/services/usage.service.ts(241,11): error TS2561: Object literal may only specify known properties, but 'subscription' does not exist in type 'UserWhereInput'. Did you mean to write 'subscriptions'?
src/services/usage.service.ts(268,15): error TS2561: Object literal may only specify known properties, but 'subscription' does not exist in type 'UserSelect<DefaultArgs>'. Did you mean to write 'subscriptions'?
src/services/usage.service.ts(305,22): error TS2339: Property 'user' does not exist on type '{ id: string; createdAt: Date; updatedAt: Date; userId: string; month: string; reportCount: number; requestCount: number; }'.
src/services/usage.service.ts(306,21): error TS2339: Property 'user' does not exist on type '{ id: string; createdAt: Date; updatedAt: Date; userId: string; month: string; reportCount: number; requestCount: number; }'.
src/services/usage.service.ts(308,20): error TS2339: Property 'user' does not exist on type '{ id: string; createdAt: Date; updatedAt: Date; userId: string; month: string; reportCount: number; requestCount: number; }'.
src/services/usage.service.ts(310,30): error TS18046: 'topApi' is of type 'unknown'.
src/validators/company.validator.ts(7,11): error TS2554: Expected 0 arguments, but got 1.
src/validators/company.validator.ts(11,18): error TS2554: Expected 0 arguments, but got 1.
src/validators/company.validator.ts(16,11): error TS2554: Expected 0 arguments, but got 1.
src/validators/company.validator.ts(23,11): error TS2554: Expected 0 arguments, but got 1.
src/validators/company.validator.ts(28,18): error TS2554: Expected 0 arguments, but got 1.
src/validators/company.validator.ts(34,11): error TS2554: Expected 0 arguments, but got 1.
src/validators/company.validator.ts(54,18): error TS2554: Expected 0 arguments, but got 1.
src/validators/company.validator.ts(59,11): error TS2554: Expected 0 arguments, but got 1.
src/validators/company.validator.ts(73,18): error TS2554: Expected 0 arguments, but got 1.
src/validators/company.validator.ts(85,11): error TS2554: Expected 0 arguments, but got 1.
src/validators/financial.validator.ts(117,18): error TS2554: Expected 0 arguments, but got 1.
src/validators/financial.validator.ts(167,11): error TS2554: Expected 0 arguments, but got 1.
src/validators/financial.validator.ts(176,18): error TS2554: Expected 0 arguments, but got 1.
src/validators/financial.validator.ts(183,13): error TS2554: Expected 0 arguments, but got 1.
src/validators/financial.validator.ts(209,11): error TS2554: Expected 0 arguments, but got 1.
src/validators/financial.validator.ts(213,11): error TS2554: Expected 0 arguments, but got 1.
src/validators/financial.validator.ts(219,18): error TS2554: Expected 0 arguments, but got 1.
src/validators/financial.validator.ts(225,11): error TS2554: Expected 0 arguments, but got 1.
src/validators/financial.validator.ts(278,18): error TS2554: Expected 0 arguments, but got 1.
src/validators/financial.validator.ts(308,18): error TS2554: Expected 0 arguments, but got 1.
src/validators/financial.validator.ts(322,18): error TS2554: Expected 0 arguments, but got 1.
src/validators/financialReport.validator.ts(2,10): error TS2305: Module '"@prisma/client"' has no exported member 'ReportType'.
src/validators/loan.validator.ts(2,10): error TS2305: Module '"@prisma/client"' has no exported member 'LoanType'.
src/validators/user.validator.ts(8,18): error TS2554: Expected 0 arguments, but got 1.
src/validators/user.validator.ts(19,11): error TS2554: Expected 0 arguments, but got 1.
src/validators/user.validator.ts(25,11): error TS2554: Expected 0 arguments, but got 1.
src/validators/user.validator.ts(50,18): error TS2554: Expected 0 arguments, but got 1.
src/validators/user.validator.ts(61,11): error TS2554: Expected 0 arguments, but got 1.
src/validators/user.validator.ts(67,11): error TS2554: Expected 0 arguments, but got 1.
src/validators/user.validator.ts(99,20): error TS2554: Expected 0 arguments, but got 1.
src/validators/user.validator.ts(136,18): error TS2554: Expected 0 arguments, but got 1.
src/validators/user.validator.ts(172,11): error TS2554: Expected 0 arguments, but got 1.
src/workers/ai-report.worker.ts(122,7): error TS2322: Type 'string | null' is not assignable to type 'string | undefined'.
  Type 'null' is not assignable to type 'string | undefined'.
src/workers/ai-report.worker.ts(144,44): error TS2339: Property 'QUEUE_NAMES' does not exist on type 'QueueManager'.
src/workers/ai-report.worker.ts(149,7): error TS1117: An object literal cannot have multiple properties with the same name.
src/workers/ai-report.worker.ts(162,14): error TS18046: 'error' is of type 'unknown'.
src/workers/ai-report.worker.ts(163,14): error TS18046: 'error' is of type 'unknown'.
src/workers/fundamentals.worker.ts(3,20): error TS2307: Cannot find module '../../utils/logger' or its corresponding type declarations.
src/workers/fundamentals.worker.ts(39,60): error TS18046: 'error' is of type 'unknown'.
src/workers/report-parser.worker.ts(2,41): error TS2305: Module '"@prisma/client"' has no exported member 'ReportType'.
src/workers/report-parser.worker.ts(103,46): error TS2339: Property 'QUEUE_NAMES' does not exist on type 'QueueManager'.
src/workers/report-parser.worker.ts(118,14): error TS18046: 'error' is of type 'unknown'.
src/workers/report-parser.worker.ts(119,14): error TS18046: 'error' is of type 'unknown'.
src/workers/report-parser.worker.ts(135,21): error TS2304: Cannot find name 'ParsedData'.
src/workers/reportParser.worker.ts(1,29): error TS2307: Cannot find module 'bullmq' or its corresponding type declarations.
src/workers/reportParser.worker.ts(3,10): error TS2614: Module '"../utils/logger"' has no exported member 'logger'. Did you mean to use 'import logger from "../utils/logger"' instead?
src/workers/reportParser.worker.ts(4,10): error TS2305: Module '"../config/redis"' has no exported member 'redisConnection'.
node.exe : npm error Lifecycle script `build` failed with error:
At line:1 char:1
+ & "C:\Program Files\nodejs/node.exe" "C:\Program Files\nodejs/node_mo ...
+ ~~~~~~~~~~~~~~~~~~~~~~~~~~~~~~~~~~~~~~~~~~~~~~~~~~~~~~~~~~~~~~~~~~~~~
    + CategoryInfo          : NotSpecified: (npm error Lifec...led with error: 
   :String) [], RemoteException
    + FullyQualifiedErrorId : NativeCommandError
 
npm error code 2
npm error path C:\Users\surkh\Desktop\advisior\server
npm error workspace @finsathi/server@1.0.0
npm error location C:\Users\surkh\Desktop\advisior\server
npm error command failed
npm error command C:\Windows\system32\cmd.exe /d /s /c tsc
